src/components/persons/PersonLedger.tsx(883,29): error TS2695: Left side of comma operator is unused and has no side effects.
